PASS 01_blank_geometry_silent
PASS 02_native_clarify_from_consequence_fixture
PASS 03_reference_derivative_duplicate_reproduced
PASS 04_event_role_derivative_duplicate_reproduced
PASS 05_two_independent_references_identical_wording
PASS 06_qud_without_matching_primary_surfaces
PASS 07_proposition_alternatives_untouched
PASS 08_proof_alternatives_untouched
PASS 09a_native_ask_geometry_preserves_sole_qud
PASS 09b_tied_geometry_does_not_choose
PASS 09c_incomplete_geometry_does_not_choose
PASS 10_owner_calibration_never_native_choice
PASS 11_all_alternatives_and_source_order_preserved
PASS 12_zero_authority_typed_inventory_is_preserved
PASS 13_independent_event_sources_identical_text
PASS 14_different_source_ids_do_not_collapse
PASS 15_distinct_alternative_sets_do_not_collapse
PASS 16_independent_or_unlinked_qud_provenance_survives
PASS 17_wrong_event_primary_cannot_hide_valid_qud
PASS 18_historical_duplicate_string_confirmed
{"checks_passed": 20, "checks_failed": 0, "controls_passed": true, "defect_reproductions_passed": true, "source_bytes_unchanged": true, "runtime_correction_required": true}
